======= The VC compiler =======
[# vc #]: can't read: ../Scanner/error23.vc
